// Jest Snapshot v1, https://goo.gl/fbAQLP

exports[`App renders correctly 1`] = `
Array [
  <div
    className="Header-root-1"
  >
    <header
      className="MuiPaper-root-14 MuiPaper-elevation4-20 MuiAppBar-root-5 MuiAppBar-positionStatic-9 MuiAppBar-colorPrimary-12 Header-menu-2"
    >
      <div
        className="MuiToolbar-root-41 MuiToolbar-regular-43 MuiToolbar-gutters-42 Header-space-4"
      >
        <a
          className="Header-logo-3"
          href="/"
          onClick={[Function]}
        >
          RETTIWT
        </a>
        <form
          className="Form-search-45"
          onSubmit={[Function]}
        >
          <div
            className="MuiInputBase-root-49 Form-inputRoot-47"
            onClick={[Function]}
          >
            <input
              autoComplete="off"
              className="MuiInputBase-input-59 Form-inputInput-48"
              onBlur={[Function]}
              onChange={[Function]}
              onFocus={[Function]}
              placeholder="Search users"
              type="text"
              value=""
            />
          </div>
          <button
            aria-label="Search"
            className="MuiButtonBase-root-72 MuiIconButton-root-66 Form-searchIcon-46"
            disabled={false}
            onBlur={[Function]}
            onClick={[Function]}
            onFocus={[Function]}
            onKeyDown={[Function]}
            onKeyUp={[Function]}
            onMouseDown={[Function]}
            onMouseLeave={[Function]}
            onMouseUp={[Function]}
            onTouchEnd={[Function]}
            onTouchMove={[Function]}
            onTouchStart={[Function]}
            tabIndex="0"
            type="submit"
          >
            <span
              className="MuiIconButton-label-71"
            >
              <svg
                aria-hidden="true"
                className="MuiSvgIcon-root-75"
                focusable="false"
                role="presentation"
                viewBox="0 0 24 24"
              >
                <path
                  d="M15.5 14h-.79l-.28-.27C15.41 12.59 16 11.11 16 9.5 16 5.91 13.09 3 9.5 3S3 5.91 3 9.5 5.91 16 9.5 16c1.61 0 3.09-.59 4.23-1.57l.27.28v.79l5 4.99L20.49 19l-4.99-5zm-6 0C7.01 14 5 11.99 5 9.5S7.01 5 9.5 5 14 7.01 14 9.5 11.99 14 9.5 14z"
                />
                <path
                  d="M0 0h24v24H0z"
                  fill="none"
                />
              </svg>
            </span>
            <span
              className="MuiTouchRipple-root-254"
            />
          </button>
        </form>
        <button
          aria-haspopup="true"
          className="MuiButtonBase-root-72 MuiIconButton-root-66 MuiIconButton-colorInherit-67"
          disabled={false}
          onBlur={[Function]}
          onClick={[Function]}
          onFocus={[Function]}
          onKeyDown={[Function]}
          onKeyUp={[Function]}
          onMouseDown={[Function]}
          onMouseLeave={[Function]}
          onMouseUp={[Function]}
          onTouchEnd={[Function]}
          onTouchMove={[Function]}
          onTouchStart={[Function]}
          tabIndex="0"
          type="button"
        >
          <span
            className="MuiIconButton-label-71"
          >
            <svg
              aria-hidden="true"
              className="MuiSvgIcon-root-75"
              focusable="false"
              role="presentation"
              viewBox="0 0 24 24"
            >
              <path
                d="M0 0h24v24H0z"
                fill="none"
              />
              <path
                d="M12 8c1.1 0 2-.9 2-2s-.9-2-2-2-2 .9-2 2 .9 2 2 2zm0 2c-1.1 0-2 .9-2 2s.9 2 2 2 2-.9 2-2-.9-2-2-2zm0 6c-1.1 0-2 .9-2 2s.9 2 2 2 2-.9 2-2-.9-2-2-2z"
              />
            </svg>
          </span>
          <span
            className="MuiTouchRipple-root-254"
          />
        </button>
      </div>
    </header>
  </div>,
  <div
    className="MuiGrid-container-88 MuiGrid-justify-xs-center-105"
  >
    <div
      className="MuiGrid-item-89 MuiGrid-grid-xs-12-128 MuiGrid-grid-sm-6-136"
      style={
        Object {
          "marginTop": 20,
        }
      }
    >
      <div
        className="MuiPaper-root-14 MuiPaper-elevation2-18 MuiPaper-rounded-15"
        style={
          Object {
            "padding": 20,
          }
        }
      >
        <form
          onSubmit={[Function]}
        >
          <div>
            <div
              className="MuiFormControl-root-191 TextFieldGroup-filed-185"
            >
              <label
                className="MuiFormLabel-root-206 MuiInputLabel-root-195 TextFieldGroup-cssLabel-186 MuiInputLabel-formControl-200 MuiInputLabel-animated-203"
                data-shrink={false}
                htmlFor="email"
              >
                Email
              </label>
              <div
                className="MuiInputBase-root-49 MuiInput-root-213 TextFieldGroup-cssOutlinedInput-189 MuiInput-underline-217 TextFieldGroup-cssUnderline-188 MuiInputBase-formControl-50 MuiInput-formControl-214"
                onClick={[Function]}
              >
                <input
                  aria-invalid={false}
                  className="MuiInputBase-input-59 MuiInput-input-221 MuiInputBase-inputType-62 MuiInput-inputType-224"
                  disabled={false}
                  id="email"
                  name="email"
                  onBlur={[Function]}
                  onChange={[Function]}
                  onFocus={[Function]}
                  required={false}
                  type="email"
                  value=""
                />
              </div>
            </div>
          </div>
          <div>
            <div
              className="MuiFormControl-root-191 TextFieldGroup-filed-185"
            >
              <label
                className="MuiFormLabel-root-206 MuiInputLabel-root-195 TextFieldGroup-cssLabel-186 MuiInputLabel-formControl-200 MuiInputLabel-animated-203"
                data-shrink={false}
                htmlFor="password"
              >
                Password
              </label>
              <div
                className="MuiInputBase-root-49 MuiInput-root-213 TextFieldGroup-cssOutlinedInput-189 MuiInput-underline-217 TextFieldGroup-cssUnderline-188 MuiInputBase-formControl-50 MuiInput-formControl-214"
                onClick={[Function]}
              >
                <input
                  aria-invalid={false}
                  className="MuiInputBase-input-59 MuiInput-input-221 MuiInputBase-inputType-62 MuiInput-inputType-224"
                  disabled={false}
                  id="password"
                  name="password"
                  onBlur={[Function]}
                  onChange={[Function]}
                  onFocus={[Function]}
                  required={false}
                  type="password"
                  value=""
                />
              </div>
            </div>
          </div>
          <div
            className="Btn-btnBlock-226"
          >
            <button
              className="MuiButtonBase-root-72 MuiButton-root-228 MuiButton-outlined-236 Btn-btn-227"
              disabled={false}
              onBlur={[Function]}
              onFocus={[Function]}
              onKeyDown={[Function]}
              onKeyUp={[Function]}
              onMouseDown={[Function]}
              onMouseLeave={[Function]}
              onMouseUp={[Function]}
              onTouchEnd={[Function]}
              onTouchMove={[Function]}
              onTouchStart={[Function]}
              tabIndex="0"
              type="submit"
            >
              <span
                className="MuiButton-label-229"
              >
                Submit
              </span>
              <span
                className="MuiTouchRipple-root-254"
              />
            </button>
          </div>
        </form>
      </div>
    </div>
  </div>,
  <div
    style={
      Object {
        "margin": "20px 0",
        "textAlign": "center",
      }
    }
  >
    <div
      className="made-with-love"
    >
      <span>
        Made with ❤️ by 
        <a
          href="https://github.com/uliaaan/rettiwt"
        >
          Yl Markov
        </a>
      </span>
    </div>
  </div>,
]
`;
